
Structure of the data set
Data set # Entries Reader boolean
1 2236 1 2
ReaderSumm
1 2 1
Number of reads by data set:        2
Minimum and Maximum Ages:           1   49

total cells  3721
Structure of the data set
Data set # Entries Reader boolean
1 2236 1 2
ReaderSumm
1 2 1
Number of reads by data set:        2
Minimum and Maximum Ages:           1   49

total cells  3721
Structure of the data set
Data set # Entries Reader boolean
1 2236 1 2
ReaderSumm
1 2 1
Number of reads by data set:        2
Minimum and Maximum Ages:           1   49

total cells  3721
